// Jest Snapshot v1, https://goo.gl/fbAQLP

exports[`TimezoneToggle matches snapshot 1`] = `
<View
  className="bg-white flex-row justify-left items-center"
  testID="test-tz-container"
>
  <Text
    className="mr-2 text-black"
    testID="test-tz-locale"
  >
    Europe/London
  </Text>
  <RCTSwitch
    accessibilityRole="switch"
    onChange={[Function]}
    onResponderTerminationRequest={[Function]}
    onStartShouldSetResponder={[Function]}
    style={
      {
        "height": 31,
        "width": 51,
      }
    }
    testID="test-tz-switch"
    value={false}
  />
  <Text
    className="ml-2"
  >
    NYC Timezone
  </Text>
</View>
`;
